
> web-buyer@0.1.1 build
> next build

▲ Next.js 16.3.0 (Turbopack)
- Environments: .env.local
✓ Running next.config.ts took 52ms

  Creating an optimized production build ...
✓ Compiled successfully in 1138ms
  Running TypeScript ...
  Finished TypeScript in 4.2s ...
  Collecting page data using 7 workers ...
  Generating static pages using 7 workers (0/19) ...
  Generating static pages using 7 workers (4/19) 
  Generating static pages using 7 workers (9/19) 
  Generating static pages using 7 workers (14/19) 
✓ Generating static pages using 7 workers (19/19) in 1020ms
  Finalizing page optimization ...

Route (app)
┌ ○ /
├ ○ /_not-found
├ ○ /account
├ ƒ /api/payments/kpay/init
├ ƒ /api/webhooks/kpay
├ ƒ /category/[id]
├ ○ /checkout
├ ○ /checkout/cancel
├ ○ /checkout/success
├ ○ /faq
├ ○ /forgot-password
├ ○ /login
├ ƒ /orders/[id]
├ ○ /privacy-policy
├ ƒ /products/[id]
├ ○ /quality-charter
├ ○ /register
├ ○ /seller-guide
├ ○ /shipping-policy
└ ○ /terms


○  (Static)   prerendered as static content
ƒ  (Dynamic)  server-rendered on demand

