
> web-admin@0.1.1 build
> next build

▲ Next.js 16.3.0 (Turbopack)
- Environments: .env.local
✓ Running next.config.ts took 38ms

  Creating an optimized production build ...
✓ Compiled successfully in 1454ms
  Running TypeScript ...
  Finished TypeScript in 7.1s ...
  Collecting page data using 7 workers ...
  Generating static pages using 7 workers (0/21) ...
  Generating static pages using 7 workers (5/21) 
  Generating static pages using 7 workers (10/21) 
  Generating static pages using 7 workers (15/21) 
✓ Generating static pages using 7 workers (21/21) in 538ms
  Finalizing page optimization ...

Route (app)
┌ ○ /
├ ○ /_not-found
├ ○ /analytics
├ ○ /audit
├ ○ /cms
├ ○ /couriers
├ ○ /finance
├ ○ /finance/pricing
├ ○ /login
├ ○ /logistics/incidents
├ ○ /marketing
├ ○ /notifications
├ ○ /orders
├ ○ /products-moderation
├ ○ /relays
├ ○ /risk
├ ○ /shops
├ ○ /support
├ ○ /team
└ ○ /users


○  (Static)  prerendered as static content

